src/app/strategies/page.tsx(213,25): error TS2339: Property 'lifetime' does not exist on type '{ deployment?: DeploymentMechanics | undefined; unlinked?: boolean | undefined; }'.
src/app/strategies/page.tsx(1130,34): error TS2339: Property 'mechanics' does not exist on type 'AgentSkill'.
src/app/strategies/page.tsx(1137,38): error TS2339: Property 'mechanics' does not exist on type 'AgentSkill'.
src/app/strategies/page.tsx(1141,55): error TS2339: Property 'mechanics' does not exist on type 'AgentSkill'.
src/app/strategies/page.tsx(1147,34): error TS2339: Property 'mechanics' does not exist on type 'AgentSkill'.
src/app/strategies/page.tsx(1151,51): error TS2339: Property 'mechanics' does not exist on type 'AgentSkill'.
src/app/strategies/page.tsx(1179,41): error TS2339: Property 'mechanics' does not exist on type 'AgentSkill'.
src/app/strategies/page.tsx(1189,34): error TS2339: Property 'mechanics' does not exist on type 'AgentSkill'.
src/app/strategies/page.tsx(1192,38): error TS2339: Property 'mechanics' does not exist on type 'AgentSkill'.
src/app/strategies/page.tsx(1196,38): error TS2339: Property 'mechanics' does not exist on type 'AgentSkill'.
src/app/strategies/page.tsx(1201,34): error TS2339: Property 'mechanics' does not exist on type 'AgentSkill'.
src/app/strategies/page.tsx(1206,51): error TS2339: Property 'mechanics' does not exist on type 'AgentSkill'.
src/app/strategies/page.tsx(1230,34): error TS2339: Property 'mechanics' does not exist on type 'AgentSkill'.
src/app/strategies/page.tsx(1233,34): error TS2339: Property 'mechanics' does not exist on type 'AgentSkill'.
src/app/strategies/page.tsx(1236,34): error TS2339: Property 'mechanics' does not exist on type 'AgentSkill'.
src/app/strategies/page.tsx(1759,21): error TS2367: This comparison appears to be unintentional because the types '"cone" | "trapezoid"' and '"curve"' have no overlap.
src/app/strategies/page.tsx(1890,45): error TS2339: Property 'angle' does not exist on type '{ type: "curve"; width?: number | undefined; length?: number | undefined; }'.
src/app/strategies/page.tsx(1927,24): error TS2367: This comparison appears to be unintentional because the types '"sector" | "cross"' and '"infinite-wall"' have no overlap.
src/app/strategies/page.tsx(2021,50): error TS2339: Property 'length' does not exist on type '{ type: "rectangle"; width?: number | undefined; length?: number | undefined; } | { type: "cone"; radius?: number | undefined; angle?: number | undefined; } | { type: "line"; width?: number | undefined; length?: number | undefined; } | { ...; } | { ...; }'.
  Property 'length' does not exist on type '{ type: "cone"; radius?: number | undefined; angle?: number | undefined; }'.
src/app/strategies/page.tsx(2350,27): error TS2339: Property 'mechanics' does not exist on type 'CanvasSkill'.
src/app/strategies/page.tsx(2352,40): error TS2339: Property 'mechanics' does not exist on type 'CanvasSkill'.
src/app/strategies/page.tsx(2463,48): error TS2339: Property 'mechanics' does not exist on type 'CanvasSkill'.
src/app/strategies/page.tsx(3359,26): error TS2339: Property 'geometry' does not exist on type 'DeploymentMechanics'.
  Property 'geometry' does not exist on type '{ type: "self_instant"; windup?: number | undefined; }'.
src/app/strategies/page.tsx(3588,42): error TS2339: Property 'mechanics' does not exist on type 'CanvasSkill'.
src/app/strategies/page.tsx(3623,42): error TS2339: Property 'mechanics' does not exist on type 'CanvasSkill'.
src/app/strategies/page.tsx(3735,42): error TS2339: Property 'mechanics' does not exist on type 'CanvasSkill'.
src/app/strategies/page.tsx(4224,54): error TS2339: Property 'mechanics' does not exist on type 'AgentSkill'.
src/app/strategies/page.tsx(4242,27): error TS2339: Property 'mechanics' does not exist on type 'AgentSkill'.
src/app/strategies/page.tsx(4247,52): error TS2339: Property 'mechanics' does not exist on type 'AgentSkill'.
src/app/strategies/page.tsx(4591,46): error TS2339: Property 'mechanics' does not exist on type 'CanvasSkill'.
src/app/strategies/page.tsx(4622,42): error TS2339: Property 'mechanics' does not exist on type 'CanvasSkill'.
src/app/strategies/page.tsx(4660,42): error TS2339: Property 'mechanics' does not exist on type 'CanvasSkill'.
src/app/strategies/page.tsx(5180,46): error TS2339: Property 'length' does not exist on type '{ type: "rectangle"; width?: number | undefined; length?: number | undefined; } | { type: "cone"; radius?: number | undefined; angle?: number | undefined; } | { type: "line"; width?: number | undefined; length?: number | undefined; } | { ...; }'.
  Property 'length' does not exist on type '{ type: "cone"; radius?: number | undefined; angle?: number | undefined; }'.
src/app/strategies/page.tsx(5194,42): error TS2339: Property 'length' does not exist on type '{ type: "rectangle"; width?: number | undefined; length?: number | undefined; } | { type: "cone"; radius?: number | undefined; angle?: number | undefined; } | { type: "line"; width?: number | undefined; length?: number | undefined; } | { ...; }'.
  Property 'length' does not exist on type '{ type: "cone"; radius?: number | undefined; angle?: number | undefined; }'.
src/app/strategies/page.tsx(5199,56): error TS2339: Property 'length' does not exist on type '{ type: "rectangle"; width?: number | undefined; length?: number | undefined; } | { type: "cone"; radius?: number | undefined; angle?: number | undefined; } | { type: "line"; width?: number | undefined; length?: number | undefined; } | { ...; }'.
  Property 'length' does not exist on type '{ type: "cone"; radius?: number | undefined; angle?: number | undefined; }'.
src/app/strategies/page.tsx(5915,21): error TS2367: This comparison appears to be unintentional because the types '"self_instant" | "self_mobile_aura" | "projectile_terminal_aoe" | "projectile_sweeping" | "map_target_aoe" | "static_deployable" | "linear_wall" | "two_point_barrier" | "equip_weapon"' and '"autonomous_entity"' have no overlap.
src/app/strategies/page.tsx(6282,43): error TS2571: Object is of type 'unknown'.
src/app/strategies/page.tsx(6283,44): error TS2571: Object is of type 'unknown'.
src/app/strategies/page.tsx(6284,44): error TS2571: Object is of type 'unknown'.
src/app/strategies/page.tsx(10720,59): error TS2339: Property 'mechanics' does not exist on type 'CanvasSkill'.
src/app/strategies/page.tsx(10749,63): error TS2339: Property 'effects' does not exist on type 'CanvasSkill'.
src/app/strategies/page.tsx(10755,71): error TS2339: Property 'effects' does not exist on type 'CanvasSkill'.
src/app/strategies/page.tsx(10761,71): error TS2339: Property 'effects' does not exist on type 'CanvasSkill'.
src/app/strategies/page.tsx(10899,58): error TS2339: Property 'effects' does not exist on type 'CanvasSkill'.
src/app/strategies/page.tsx(11146,67): error TS2339: Property 'mechanics' does not exist on type 'AgentSkill'.
src/app/strategies/page.tsx(11147,72): error TS2339: Property 'effects' does not exist on type 'AgentSkill'.
src/app/strategies/page.tsx(11299,63): error TS2339: Property 'mechanics' does not exist on type 'AgentSkill'.
src/app/strategies/page.tsx(11302,59): error TS2339: Property 'effects' does not exist on type 'AgentSkill'.
src/app/strategies/page.tsx(11303,59): error TS2339: Property 'effects' does not exist on type 'AgentSkill'.
src/app/strategies/page.tsx(11339,71): error TS2339: Property 'mechanics' does not exist on type 'AgentSkill'.
